// Jest Snapshot v1, https://goo.gl/fbAQLP

exports[`CtaList/index component renders correctly 1`] = `
<div
  dir="ltr"
  style="text-align: justify;"
>
  <strong
    style="font-weight: bolder;"
  >
    Ready to Claim Your Internet Name on Hacker Noon?
  </strong>
  <ol>
    <li
      dir="ltr"
      style="mso-line-height-rule: exactly;-ms-text-size-adjust: 100%;-webkit-text-size-adjust: 100%;"
    >
      <p
        dir="ltr"
        role="presentation"
        style="line-height: 125%;margin: 10px 0;padding: 0;mso-line-height-rule: exactly;-ms-text-size-adjust: 100%;-webkit-text-size-adjust: 100%;color: #111111;font-family: 'Source Sans Pro', 'Helvetica Neue', Helvetica, Arial, sans-serif;font-size: 18px;text-align: left;"
      >
        <a
          href="https://hackernoon.com/signup?ref=noonifications.tech"
          style="mso-line-height-rule: exactly;-ms-text-size-adjust: 100%;-webkit-text-size-adjust: 100%;color: #111111;font-weight: bold;text-decoration: underline;"
          target="_blank"
        >
          Create a free account
        </a>
        .
      </p>
    </li>
    <li
      dir="ltr"
      style="mso-line-height-rule: exactly;-ms-text-size-adjust: 100%;-webkit-text-size-adjust: 100%;"
    >
      <p
        dir="ltr"
        role="presentation"
        style="line-height: 125%;margin: 10px 0;padding: 0;mso-line-height-rule: exactly;-ms-text-size-adjust: 100%;-webkit-text-size-adjust: 100%;color: #111111;font-family: 'Source Sans Pro', 'Helvetica Neue', Helvetica, Arial, sans-serif;font-size: 18px;text-align: left;"
      >
        <a
          href="https://app.hackernoon.com/subscriptions?ref=noonifications.tech"
          style="mso-line-height-rule: exactly;-ms-text-size-adjust: 100%;-webkit-text-size-adjust: 100%;color: #111111;font-weight: bold;text-decoration: underline;"
          target="_blank"
        >
          Tell us what you want to read about
        </a>
        .
      </p>
    </li>
    <li
      dir="ltr"
      style="mso-line-height-rule: exactly;-ms-text-size-adjust: 100%;-webkit-text-size-adjust: 100%;"
    >
      <p
        dir="ltr"
        role="presentation"
        style="line-height: 125%;margin: 10px 0;padding: 0;mso-line-height-rule: exactly;-ms-text-size-adjust: 100%;-webkit-text-size-adjust: 100%;color: #111111;font-family: 'Source Sans Pro', 'Helvetica Neue', Helvetica, Arial, sans-serif;font-size: 18px;text-align: left;"
      >
        <a
          href="https://app.hackernoon.com/new?ref=noonifications.tech"
          style="mso-line-height-rule: exactly;-ms-text-size-adjust: 100%;-webkit-text-size-adjust: 100%;color: #111111;font-weight: bold;text-decoration: underline;"
          target="_blank"
        >
          Submit your own tech stories
        </a>
        . 
      </p>
    </li>
    <li
      dir="ltr"
      style="mso-line-height-rule: exactly;-ms-text-size-adjust: 100%;-webkit-text-size-adjust: 100%;"
    >
      <p
        dir="ltr"
        role="presentation"
        style="line-height: 125%;margin: 10px 0;padding: 0;mso-line-height-rule: exactly;-ms-text-size-adjust: 100%;-webkit-text-size-adjust: 100%;color: #111111;font-family: 'Source Sans Pro', 'Helvetica Neue', Helvetica, Arial, sans-serif;font-size: 18px;text-align: left;"
      >
        <a
          href="https://sponsor.hackernoon.com/brand-as-author?ref=noonifications.tech"
          style="mso-line-height-rule: exactly;-ms-text-size-adjust: 100%;-webkit-text-size-adjust: 100%;color: #111111;font-weight: bold;text-decoration: underline;"
          target="_blank"
        >
          Gain Access to Brand-As-Author
        </a>
        â„¢ Program. 
      </p>
    </li>
    <li
      dir="ltr"
      style="mso-line-height-rule: exactly;-ms-text-size-adjust: 100%;-webkit-text-size-adjust: 100%;"
    >
      <p
        dir="ltr"
        role="presentation"
        style="line-height: 125%;margin: 10px 0;padding: 0;mso-line-height-rule: exactly;-ms-text-size-adjust: 100%;-webkit-text-size-adjust: 100%;color: #111111;font-family: 'Source Sans Pro', 'Helvetica Neue', Helvetica, Arial, sans-serif;font-size: 18px;text-align: left;"
      >
        Get Your Tech Stories Featured on the 
        <a
          href="https://hackernoon.com/?ref=noonifications.tech"
          style="mso-line-height-rule: exactly;-ms-text-size-adjust: 100%;-webkit-text-size-adjust: 100%;color: #111111;font-weight: bold;text-decoration: underline;"
          target="_blank"
        >
          Homepage of Hacker Noon
        </a>
        .
      </p>
    </li>
  </ol>
</div>
`;
