// Jest Snapshot v1, https://goo.gl/fbAQLP

exports[`Separator/index component renders correctly 1`] = `
<div
  dir="ltr"
  style="text-align: center;"
>
  <span
    style="font-size:16px"
  >
    <span
      style="font-family:trebuchet ms,lucida grande,lucida sans unicode,lucida sans,tahoma,sans-serif"
    >
      <em>
        ***
      </em>
    </span>
  </span>
</div>
`;
