// Jest Snapshot v1, https://goo.gl/fbAQLP

exports[`headline/index component renders correctly 1`] = `
<h1>
  Some text
</h1>
`;
